
> estate-app@0.0.0 test
> vitest --run


[1m[46m RUN [49m[22m [36mv4.0.16 [39m[90mG:/ashan/RealEstateapp[39m

 [31mΓ¥»[39m src/components/__tests__/Search.test.jsx [2m([22m[2m5 tests[22m[2m | [22m[31m5 failed[39m[2m)[22m[32m 25[2mms[22m[39m
[31m     [31m├ù[31m renders search form and initial properties[39m[32m 15[2mms[22m[39m
[31m     [31m├ù[31m filters properties by price[39m[32m 2[2mms[22m[39m
[31m     [31m├ù[31m filters properties by numbers of bedrooms[39m[32m 2[2mms[22m[39m
[31m     [31m├ù[31m adds property to favourites via button[39m[32m 2[2mms[22m[39m
[31m     [31m├ù[31m removes property from favourites[39m[32m 2[2mms[22m[39m
npm : 
At line:1 char:1
+ npm test -- --run 
> test_output.txt 
2>&1
+ ~~~~~~~~~~~~~~~~~~
~~~~~~~~~~~~~~~~~~~~
~~
    + CategoryInfo  
            : NotS  
  pecified: (:Str   
 ing) [], Remote    
Exception
    + FullyQualifie 
   dErrorId : Nati  
  veCommandError
 
[31mΓÄ»ΓÄ»ΓÄ»ΓÄ»ΓÄ»
ΓÄ»ΓÄ»[39m[1m[41m
 Failed Tests 5 [49
m[22m[31mΓÄ»ΓÄ»ΓÄ»
ΓÄ»ΓÄ»ΓÄ»ΓÄ»[39m

[41m[1m FAIL 
[22m[49m src/compo
nents/__tests__/Sear
ch.test.jsx[2m > 
[22mSearch 
Component[2m > 
[22mrenders search 
form and initial 
properties
[41m[1m FAIL 
[22m[49m src/compo
nents/__tests__/Sear
ch.test.jsx[2m > 
[22mSearch 
Component[2m > 
[22mfilters 
properties by price
[41m[1m FAIL 
[22m[49m src/compo
nents/__tests__/Sear
ch.test.jsx[2m > 
[22mSearch 
Component[2m > 
[22mfilters 
properties by 
numbers of bedrooms
[41m[1m FAIL 
[22m[49m src/compo
nents/__tests__/Sear
ch.test.jsx[2m > 
[22mSearch 
Component[2m > 
[22madds property 
to favourites via 
button
[41m[1m FAIL 
[22m[49m src/compo
nents/__tests__/Sear
ch.test.jsx[2m > 
[22mSearch 
Component[2m > 
[22mremoves 
property from 
favourites
[31m[1mReferenceEr
ror[22m: Badge is 
not defined[39m
[36m [2mΓ¥»[22m 
Search src/pages/Sea
rch.jsx:[2m246:49[
22m[39m
    [90m244| [39m 
                    
   
[33m{[39m[90m/* 
RESULTS 
*/[39m[33m}[39m
    [90m245| [39m 
                    
   [33m<[39m[33md
iv[39m [33mclassNa
me[39m[33m=[39m[
32m"results-header"
[39m[33m>[39m
    [90m246| [39m 
                    
       <h2>Search 
Results <Badge 
variant="secondaΓÇª
    [90m   | [39m 
                    
                    
       [31m^[39m
    [90m247| [39m 
                    
   [33m<[39m[33m/
[39m[33mdiv[39m[
33m>[39m
    [90m248| [39m
[90m [2mΓ¥»[22m O
bject.react_stack_bo
ttom_frame node_modu
les/react-dom/cjs/re
act-dom-client.devel
opment.js:[2m25904:
20[22m[39m
[90m [2mΓ¥»[22m 
renderWithHooks node
_modules/react-dom/c
js/react-dom-client.
development.js:[2m7
662:22[22m[39m
[90m [2mΓ¥»[22m u
pdateFunctionCompone
nt node_modules/reac
t-dom/cjs/react-dom-
client.development.j
s:[2m10166:19[22m
[39m
[90m [2mΓ¥»[22m 
beginWork node_modul
es/react-dom/cjs/rea
ct-dom-client.develo
pment.js:[2m11778:1
8[22m[39m
[90m [2mΓ¥»[22m 
runWithFiberInDEV no
de_modules/react-dom
/cjs/react-dom-clien
t.development.js:[2
m874:13[22m[39m
[90m [2mΓ¥»[22m 
performUnitOfWork no
de_modules/react-dom
/cjs/react-dom-clien
t.development.js:[2
m17641:22[22m[39m
[90m [2mΓ¥»[22m 
workLoopSync node_mo
dules/react-dom/cjs/
react-dom-client.dev
elopment.js:[2m1746
9:41[22m[39m
[90m [2mΓ¥»[22m 
renderRootSync node_
modules/react-dom/cj
s/react-dom-client.d
evelopment.js:[2m17
450:11[22m[39m
[90m [2mΓ¥»[22m 
performWorkOnRoot no
de_modules/react-dom
/cjs/react-dom-clien
t.development.js:[2
m16583:35[22m[39m

[31m[2mΓÄ»ΓÄ»ΓÄ»ΓÄ
»ΓÄ»ΓÄ»ΓÄ»ΓÄ»ΓÄ»ΓÄ»Γ
Ä»ΓÄ»ΓÄ»ΓÄ»ΓÄ»ΓÄ»ΓÄ»
ΓÄ»ΓÄ»ΓÄ»ΓÄ»ΓÄ»ΓÄ»ΓÄ
»[1/5]ΓÄ»[22m[39m


[2m Test Files [22m [1m[31m1 failed[39m[22m[90m (1)[39m
[2m      Tests [22m [1m[31m5 failed[39m[22m[90m (5)[39m
[2m   Start at [22m 09:39:34
[2m   Duration [22m 1.22s[2m (transform 237ms, setup 65ms, import 587ms, tests 25ms, environment 426ms)[22m

